Running... ['udevadm', 'trigger', '--action=add', '--subsystem-match=net']
Running... ['udevadm', 'settle']
Running... ['udevadm', 'trigger', '--action=add', '--subsystem-match=net']
Running... ['udevadm', 'settle']
Running... ['udevadm', 'trigger', '--action=change', '--subsystem-match=block']
Running... ['modprobe', 'fcoe']
Running... ['udevadm', 'settle', '--timeout=30']
Running... ['dumpe2fs', '-h', '/dev/sda1']
Filesystem volume name:   <none>
Last mounted on:          <not available>
Filesystem UUID:          c1e29042-68b6-4885-ad2e-96f131b3d257
Filesystem magic number:  0xEF53
Filesystem revision #:    1 (dynamic)
Filesystem features:      has_journal ext_attr resize_inode dir_index filetype sparse_super
Filesystem flags:         signed_directory_hash 
Default mount options:    (none)
Filesystem state:         clean
Errors behavior:          Continue
Filesystem OS type:       Linux
Inode count:              26104
Block count:              104388
Reserved block count:     5219
Free blocks:              78147
Free inodes:              25898
First block:              1
Block size:               1024
Fragment size:            1024
Reserved GDT blocks:      256
Blocks per group:         8192
Fragments per group:      8192
Inodes per group:         2008
Inode blocks per group:   251
Filesystem created:       Thu Apr  7 11:15:02 2011
Last mount time:          Sun Apr 10 17:55:36 2011
Last write time:          Sun Apr 10 18:39:37 2011
Mount count:              22
Maximum mount count:      9999
Last checked:             Thu Apr  7 13:25:43 2011
Check interval:           2654208000 (1024 months)
Next check after:         Mon May 16 13:25:43 2095
Reserved blocks uid:      0 (user root)
Reserved blocks gid:      0 (group root)
First inode:              11
Inode size:	          128
Journal inode:            8
Default directory hash:   half_md4
Directory Hash Seed:      fa0de6ff-319c-4bfd-a95e-44fa5a32da6b
Journal backup:           inode blocks
Journal size:             4113k

dumpe2fs 1.41.9 (22-Aug-2009)
Running... ['dumpe2fs', '-h', '/dev/sda1']
Filesystem volume name:   <none>
Last mounted on:          <not available>
Filesystem UUID:          c1e29042-68b6-4885-ad2e-96f131b3d257
Filesystem magic number:  0xEF53
Filesystem revision #:    1 (dynamic)
Filesystem features:      has_journal ext_attr resize_inode dir_index filetype sparse_super
Filesystem flags:         signed_directory_hash 
Default mount options:    (none)
Filesystem state:         clean
Errors behavior:          Continue
Filesystem OS type:       Linux
Inode count:              26104
Block count:              104388
Reserved block count:     5219
Free blocks:              78147
Free inodes:              25898
First block:              1
Block size:               1024
Fragment size:            1024
Reserved GDT blocks:      256
Blocks per group:         8192
Fragments per group:      8192
Inodes per group:         2008
Inode blocks per group:   251
Filesystem created:       Thu Apr  7 11:15:02 2011
Last mount time:          Sun Apr 10 17:55:36 2011
Last write time:          Sun Apr 10 18:39:37 2011
Mount count:              22
Maximum mount count:      9999
Last checked:             Thu Apr  7 13:25:43 2011
Check interval:           2654208000 (1024 months)
Next check after:         Mon May 16 13:25:43 2095
Reserved blocks uid:      0 (user root)
Reserved blocks gid:      0 (group root)
First inode:              11
Inode size:	          128
Journal inode:            8
Default directory hash:   half_md4
Directory Hash Seed:      fa0de6ff-319c-4bfd-a95e-44fa5a32da6b
Journal backup:           inode blocks
Journal size:             4113k

dumpe2fs 1.41.9 (22-Aug-2009)
Running... ['resize2fs', '-P', '/dev/sda1']
Estimated minimum size of the filesystem: 22679
resize2fs 1.41.9 (22-Aug-2009)
Running... ['dumpe2fs', '-h', '/dev/sda3']
Filesystem volume name:   <none>
Last mounted on:          <not available>
Filesystem UUID:          f2f647b7-1e19-4b4d-9fbe-182388a48790
Filesystem magic number:  0xEF53
Filesystem revision #:    1 (dynamic)
Filesystem features:      has_journal resize_inode dir_index filetype sparse_super large_file
Filesystem flags:         signed_directory_hash 
Default mount options:    (none)
Filesystem state:         clean
Errors behavior:          Continue
Filesystem OS type:       Linux
Inode count:              4620288
Block count:              9229342
Reserved block count:     461467
Free blocks:              8491469
Free inodes:              4527773
First block:              0
Block size:               4096
Fragment size:            4096
Reserved GDT blocks:      1021
Blocks per group:         32768
Fragments per group:      32768
Inodes per group:         16384
Inode blocks per group:   512
Filesystem created:       Wed Apr 13 19:37:11 2011
Last mount time:          Sun Apr 17 10:05:25 2011
Last write time:          Fri Apr 15 11:17:19 2011
Mount count:              11
Maximum mount count:      9999
Last checked:             Wed Apr 13 19:37:11 2011
Check interval:           2654208000 (1024 months)
Next check after:         Sun May 22 19:37:11 2095
Reserved blocks uid:      0 (user root)
Reserved blocks gid:      0 (group root)
First inode:              11
Inode size:	          128
Journal inode:            8
Default directory hash:   tea
Directory Hash Seed:      63754daa-8ceb-4802-a6bf-2439296a4991
Journal backup:           inode blocks
Journal size:             128M

dumpe2fs 1.41.9 (22-Aug-2009)
Running... ['dumpe2fs', '-h', '/dev/sda3']
Filesystem volume name:   <none>
Last mounted on:          <not available>
Filesystem UUID:          f2f647b7-1e19-4b4d-9fbe-182388a48790
Filesystem magic number:  0xEF53
Filesystem revision #:    1 (dynamic)
Filesystem features:      has_journal resize_inode dir_index filetype sparse_super large_file
Filesystem flags:         signed_directory_hash 
Default mount options:    (none)
Filesystem state:         clean
Errors behavior:          Continue
Filesystem OS type:       Linux
Inode count:              4620288
Block count:              9229342
Reserved block count:     461467
Free blocks:              8491469
Free inodes:              4527773
First block:              0
Block size:               4096
Fragment size:            4096
Reserved GDT blocks:      1021
Blocks per group:         32768
Fragments per group:      32768
Inodes per group:         16384
Inode blocks per group:   512
Filesystem created:       Wed Apr 13 19:37:11 2011
Last mount time:          Sun Apr 17 10:05:25 2011
Last write time:          Fri Apr 15 11:17:19 2011
Mount count:              11
Maximum mount count:      9999
Last checked:             Wed Apr 13 19:37:11 2011
Check interval:           2654208000 (1024 months)
Next check after:         Sun May 22 19:37:11 2095
Reserved blocks uid:      0 (user root)
Reserved blocks gid:      0 (group root)
First inode:              11
Inode size:	          128
Journal inode:            8
Default directory hash:   tea
Directory Hash Seed:      63754daa-8ceb-4802-a6bf-2439296a4991
Journal backup:           inode blocks
Journal size:             128M

dumpe2fs 1.41.9 (22-Aug-2009)
Running... ['resize2fs', '-P', '/dev/sda3']
Estimated minimum size of the filesystem: 596541
resize2fs 1.41.9 (22-Aug-2009)
Running... ['udevadm', 'settle', '--timeout=30']
Running... ['udevadm', 'settle', '--timeout=30']
Running... ['udevadm', 'settle', '--timeout=10']
Running... ['udevadm', 'settle', '--timeout=10']
Running... ['udevadm', 'settle', '--timeout=10']
Running... ['udevadm', 'settle', '--timeout=10']
Running... ['udevadm', 'settle', '--timeout=10']
Running... ['udevadm', 'settle', '--timeout=10']
Running... ['udevadm', 'settle', '--timeout=10']
Running... ['udevadm', 'settle', '--timeout=10']
Running... ['udevadm', 'settle', '--timeout=10']
Running... ['udevadm', 'settle', '--timeout=10']
Running... ['udevadm', 'settle', '--timeout=10']
Running... ['/usr/sbin/hwclock', '--hctosys']
Running... ['modprobe', 'ext2']
Running... ['modprobe', 'vfat']
Running... ['modprobe', 'xfs']
Running... ['udevadm', 'settle', '--timeout=10']
Running... ['swapoff', '-a']
swapoff: /etc/fstab: open failed: No such file or directory
Running... ['udevadm', 'settle', '--timeout=10']
Running... ['udevadm', 'settle', '--timeout=10']
Running... ['udevadm', 'settle', '--timeout=10']
Running... ['udevadm', 'settle', '--timeout=10']
Running... ['mke2fs', '-t', 'ext3', '/dev/sda1']
Filesystem label=
OS type: Linux
Block size=1024 (log=0)
Fragment size=1024 (log=0)
26104 inodes, 104388 blocks
5219 blocks (5.00%) reserved for the super user
First data block=1
Maximum filesystem blocks=67371008
13 block groups
8192 blocks per group, 8192 fragments per group
2008 inodes per group
Superblock backups stored on blocks: 
	8193, 24577, 40961, 57345, 73729

Writing inode tables:  0/13 1/13 2/13 3/13 4/13 5/13 6/13 7/13 8/13 9/1310/1311/1312/13done                            
Creating journal (4096 blocks): done
Writing superblocks and filesystem accounting information: dRunning... ['tune2fs', '-c0', '-i0', '-ouser_xattr,acl', '/dev/sda1']
tune2fs 1.41.9 (22-Aug-2009)
Setting maximal mount count to -1
Setting interval between checks to 0 seconds
Running... ['udevadm', 'settle']
Running... ['udevadm', 'settle', '--timeout=10']
Running... ['mkswap', '/dev/sda2']
Setting up swapspace version 1, size = 2048280 KiB
no label, UUID=cc34d19a-b605-43a1-9a1e-8d4e45275020
Running... ['udevadm', 'settle']
Running... ['udevadm', 'settle', '--timeout=10']
Running... ['mke2fs', '-t', 'ext3', '/dev/sda3']
Filesystem label=
OS type: Linux
Block size=4096 (log=2)
Fragment size=4096 (log=2)
4751360 inodes, 18998870 blocks
949943 blocks (5.00%) reserved for the super user
First data block=0
Maximum filesystem blocks=4294967296
580 block groups
32768 blocks per group, 32768 fragments per group
8192 inodes per group
Superblock backups stored on blocks: 
	32768, 98304, 163840, 229376, 294912, 819200, 884736, 1605632, 2654208, 
	4096000, 7962624, 11239424

Writing inode tables:   0/580  1/580  2/580  3/580  4/580  5/580  6/580  7/580  8/580  9/580 10/580 11/580 12/580 13/580 14/580 15/580 16/580 17/580 18/580 19/580 20/580 21/580 22/580 23/580 24/580 25/580 26/580 27/580 28/580 29/580 30/580 31/580 32/580 33/580 34/580 35/580 36/580 37/580 38/580 39/580 40/580 41/580 42/580 43/580 44/580 45/580 46/580 47/580 48/580 49/580 50/580 51/580 52/580 53/580 54/580 55/580 56/580 57/580 58/580 59/580 60/580 61/580 62/580 63/580 64/580 65/580 66/580 67/580 68/580 69/580 70/580 71/580 72/580 73/580 74/580 75/580 76/580 77/580 78/580 79/580 80/580 81/580 82/580 83/580 84/580 85/580 86/580 87/580 88/580 89/580 90/580 91/580 92/580 93/580 94/580 95/580 96/580 97/580 98/580 99/580100/580101/580102/580103/580104/580105/580106/580107/580108/580109/580110/580111/580112/580113/580114/580115/580116/580117/580118/580119/580120/580121/580122/580123/580124/580125/580126/580127/580128/580129/580130/580131/580132/580133/580134/580135/580136/580137/580138/580139/580140/580141/580142/580143/580144/580145/580146/580147/580148/580149/580150/580151/580152/580153/580154/580155/580156/580157/580158/580159/580160/580161/580162/580163/580164/580165/580166/580167/580168/580169/580170/580171/580172/580173/580174/580175/580176/580177/580178/580179/580180/580181/580182/580183/580184/580185/580186/580187/580188/580189/580190/580191/580192/580193/580194/580195/580196/580197/580198/580199/580200/580201/580202/580203/580204/580205/580206/580207/580208/580209/580210/580211/580212/580213/580214/580215/580216/580217/580218/580219/580220/580221/580222/580223/580224/580225/580226/580227/580228/580229/580230/580231/580232/580233/580234/580235/580236/580237/580238/580239/580240/580241/580242/580243/580244/580245/580246/580247/580248/580249/580250/580251/580252/580253/580254/580255/580256/580257/580258/580259/580260/580261/580262/580263/580264/580265/580266/580267/580268/580269/580270/580271/580272/580273/580274/580275/580276/580277/580278/580279/580280/580281/580282/580283/580284/580285/580286/580287/580288/580289/580290/580291/580292/580293/580294/580295/580296/580297/580298/580299/580300/580301/580302/580303/580304/580305/580306/580307/580308/580309/580310/580311/580312/580313/580314/580315/580316/580317/580318/580319/580320/580321/580322/580323/580324/580325/580326/580327/580328/580329/580330/580331/580332/580333/580334/580335/580336/580337/580338/580339/580340/580341/580342/580343/580344/580345/580346/580347/580348/580349/580350/580351/580352/580353/580354/580355/580356/580357/580358/580359/580360/580361/580362/580363/580364/580365/580366/580367/580368/580369/580370/580371/580372/580373/580374/580375/580376/580377/580378/580379/580380/580381/580382/580383/580384/580385/580386/580387/580388/580389/580390/580391/580392/580393/580394/580395/580396/580397/580398/580399/580400/580401/580402/580403/580404/580405/580406/580407/580408/580409/580410/580411/580412/580413/580414/580415/580416/580417/580418/580419/580420/580421/580422/580423/580424/580425/580426/580427/580428/580429/580430/580431/580432/580433/580434/580435/580436/580437/580438/580439/580440/580441/580442/580443/580444/580445/580446/580447/580448/580449/580450/580451/580452/580453/580454/580455/580456/580457/580458/580459/580460/580461/580462/580463/580464/580465/580466/580467/580468/580469/580470/580471/580472/580473/580474/580475/580476/580477/580478/580479/580480/580481/580482/580483/580484/580485/580486/580487/580488/580489/580490/580491/580492/580493/580494/580495/580496/580497/580498/580499/580500/580501/580502/580503/580504/580505/580506/580507/580508/580509/580510/580511/580512/580513/580514/580515/580516/580517/580518/580519/580520/580521/580522/580523/580524/580525/580526/580527/580528/580529/580530/580531/580532/580533/580534/580535/580536/580537/580538/580539/580540/580541/580542/580543/580544/580545/580546/580547/580548/580549/580550/580551/580552/580553/580554/580555/580556/580557/580558/580559/580560/580561/580562/580563/580564/580565/580566/580567/580568/580569/580570/580571/580572/580573/580574/580575/580576/580577/580578/580579/580done                            
Creating journal (32768 blocks): done
Writing superblocks and filesystem accounting information: done

This filesystem will be automatically checked every 32 mounts or
180 days, whichever comes first.  Use tune2fs -c or -i to override.
Running... ['tune2fs', '-c0', '-i0', '-ouser_xattr,acl', '/dev/sda3']
tune2fs 1.41.9 (22-Aug-2009)
Setting maximal mount count to -1
Setting interval between checks to 0 seconds
Running... ['udevadm', 'settle']
Running... ['udevadm', 'settle', '--timeout=10']
Running... ['swapon', '/dev/sda2']
Running... ['/usr/sbin/dmidecode', 'dmidecode', '-s', 'system-manufacturer']
System manufacturer
Running... ['/usr/sbin/authconfig', '--update', '--nostart', '--enableshadow', '--passalgo=sha512', '--enablefingerprint']
Running... ['/usr/sbin/lokkit', '--quiet', '--nostart', '-f', '--service=ssh']
Running... ['/usr/sbin/lokkit', '--quiet', '--nostart', '--selinux=enforcing']
Running... ['/sbin/grub-install', '--just-copy']
Running... ['/sbin/grub', '--batch', '--no-floppy', '--device-map=/boot/grub/device.map']


    GNU GRUB  version 0.97  (640K lower / 3072K upper memory)

 [ Minimal BASH-like line editing is supported.  For the first word, TAB
   lists possible command completions.  Anywhere else TAB lists the possible
   completions of a device/filename.]
grub> root (hd0,0)
 Filesystem type is ext2fs, partition type 0x83
grub> install --stage2=/boot/grub/stage2 /grub/stage1 d (hd0) /grub/stage2 p (hd0,0)/grub/grub.conf
grub> 